2026-09-28 09:16:28,748 - INFO - No employees registered.
2026-09-28 09:17:37,356 - INFO - App initiated
2026-09-28 09:17:39,711 - INFO - No employees registered.
2026-09-28 09:49:29,970 - INFO - App started.
2026-09-28 09:49:58,837 - INFO - App started.
2026-09-28 09:52:49,505 - INFO - App started.
2026-09-28 09:52:50,867 - INFO - Opening employees.json data 
2026-09-28 09:52:50,868 - INFO - No employees registered.
2026-09-28 09:56:28,713 - INFO - Opening employees.json data 
2026-09-28 09:56:28,715 - INFO - No employees registered.
2026-09-28 10:00:46,089 - INFO - App started.
2026-09-28 10:01:53,371 - INFO - App started.
2026-09-28 10:04:14,232 - INFO - App started.
2026-09-28 10:04:16,315 - INFO - Opening employees.json data 
2026-09-28 10:07:17,491 - INFO - App started.
2026-09-28 10:07:18,134 - INFO - Opening employees.json data 
2026-09-28 10:10:53,825 - INFO - App started.
2026-09-28 10:11:00,233 - INFO - Opening employees.json data 
2026-09-28 14:03:20,695 - INFO - App started.
2026-09-28 14:03:22,638 - INFO - Opening employees.json data 
2026-09-28 14:03:30,800 - WARNING - Empleado no encontrado: Lucas
2026-09-28 14:04:47,459 - INFO - App started.
2026-09-28 14:04:49,196 - INFO - Opening employees.json data 
2026-09-28 14:05:12,656 - WARNING - Empleado no encontrado: Cedsf
2026-09-28 14:05:26,293 - INFO - Opening employees.json data 
2026-09-28 14:05:27,910 - INFO - Opening employees.json data 
2026-09-28 14:09:00,157 - INFO - App started.
2026-09-28 14:09:01,450 - INFO - Opening employees.json data 
2026-09-28 14:09:06,030 - WARNING - Empleado no encontrado: Ce
